---
source: youtube_chat_macro/src/lib.rs
expression: expanded.to_string()
---
impl LiveChatClientBuilder < String , () , () , () , () > { pub fn build (self) -> LiveChatClient < () , () , () , () > { LiveChatClient { live_url : self . live_url , on_start : () , on_end : () , on_chat : () , on_error : () , } } } impl < SF > LiveChatClientBuilder < String , SF , () , () , () > where SF : Fn () { pub fn build (self) -> LiveChatClient < SF , () , () , () > { LiveChatClient { live_url : self . live_url , on_start : self . on_start , on_end : () , on_chat : () , on_error : () , } } } impl < ENF > LiveChatClientBuilder < String , () , ENF , () , () > where ENF : Fn () { pub fn build (self) -> LiveChatClient < () , ENF , () , () > { LiveChatClient { live_url : self . live_url , on_start : () , on_end : self . on_end , on_chat : () , on_error : () , } } } impl < SF , ENF > LiveChatClientBuilder < String , SF , ENF , () , () > where SF : Fn () , ENF : Fn () { pub fn build (self) -> LiveChatClient < SF , ENF , () , () > { LiveChatClient { live_url : self . live_url , on_start : self . on_start , on_end : self . on_end , on_chat : () , on_error : () , } } } impl < CF > LiveChatClientBuilder < String , () , () , CF , () > where CF : Fn () { pub fn build (self) -> LiveChatClient < () , () , CF , () > { LiveChatClient { live_url : self . live_url , on_start : () , on_end : () , on_chat : self . on_chat , on_error : () , } } } impl < SF , CF > LiveChatClientBuilder < String , SF , () , CF , () > where SF : Fn () , CF : Fn () { pub fn build (self) -> LiveChatClient < SF , () , CF , () > { LiveChatClient { live_url : self . live_url , on_start : self . on_start , on_end : () , on_chat : self . on_chat , on_error : () , } } } impl < ENF , CF > LiveChatClientBuilder < String , () , ENF , CF , () > where ENF : Fn () , CF : Fn () { pub fn build (self) -> LiveChatClient < () , ENF , CF , () > { LiveChatClient { live_url : self . live_url , on_start : () , on_end : self . on_end , on_chat : self . on_chat , on_error : () , } } } impl < SF , ENF , CF > LiveChatClientBuilder < String , SF , ENF , CF , () > where SF : Fn () , ENF : Fn () , CF : Fn () { pub fn build (self) -> LiveChatClient < SF , ENF , CF , () > { LiveChatClient { live_url : self . live_url , on_start : self . on_start , on_end : self . on_end , on_chat : self . on_chat , on_error : () , } } } impl < ERF > LiveChatClientBuilder < String , () , () , () , ERF > where ERF : Fn () { pub fn build (self) -> LiveChatClient < () , () , () , ERF > { LiveChatClient { live_url : self . live_url , on_start : () , on_end : () , on_chat : () , on_error : self . on_error , } } } impl < SF , ERF > LiveChatClientBuilder < String , SF , () , () , ERF > where SF : Fn () , ERF : Fn () { pub fn build (self) -> LiveChatClient < SF , () , () , ERF > { LiveChatClient { live_url : self . live_url , on_start : self . on_start , on_end : () , on_chat : () , on_error : self . on_error , } } } impl < ENF , ERF > LiveChatClientBuilder < String , () , ENF , () , ERF > where ENF : Fn () , ERF : Fn () { pub fn build (self) -> LiveChatClient < () , ENF , () , ERF > { LiveChatClient { live_url : self . live_url , on_start : () , on_end : self . on_end , on_chat : () , on_error : self . on_error , } } } impl < SF , ENF , ERF > LiveChatClientBuilder < String , SF , ENF , () , ERF > where SF : Fn () , ENF : Fn () , ERF : Fn () { pub fn build (self) -> LiveChatClient < SF , ENF , () , ERF > { LiveChatClient { live_url : self . live_url , on_start : self . on_start , on_end : self . on_end , on_chat : () , on_error : self . on_error , } } } impl < CF , ERF > LiveChatClientBuilder < String , () , () , CF , ERF > where CF : Fn () , ERF : Fn () { pub fn build (self) -> LiveChatClient < () , () , CF , ERF > { LiveChatClient { live_url : self . live_url , on_start : () , on_end : () , on_chat : self . on_chat , on_error : self . on_error , } } } impl < SF , CF , ERF > LiveChatClientBuilder < String , SF , () , CF , ERF > where SF : Fn () , CF : Fn () , ERF : Fn () { pub fn build (self) -> LiveChatClient < SF , () , CF , ERF > { LiveChatClient { live_url : self . live_url , on_start : self . on_start , on_end : () , on_chat : self . on_chat , on_error : self . on_error , } } } impl < ENF , CF , ERF > LiveChatClientBuilder < String , () , ENF , CF , ERF > where ENF : Fn () , CF : Fn () , ERF : Fn () { pub fn build (self) -> LiveChatClient < () , ENF , CF , ERF > { LiveChatClient { live_url : self . live_url , on_start : () , on_end : self . on_end , on_chat : self . on_chat , on_error : self . on_error , } } } impl < SF , ENF , CF , ERF > LiveChatClientBuilder < String , SF , ENF , CF , ERF > where SF : Fn () , ENF : Fn () , CF : Fn () , ERF : Fn () { pub fn build (self) -> LiveChatClient < SF , ENF , CF , ERF > { LiveChatClient { live_url : self . live_url , on_start : self . on_start , on_end : self . on_end , on_chat : self . on_chat , on_error : self . on_error , } } }
